node.exe : C:\Users\ut
ilisateur\.gemini\anti
gravity\scratch\coeurs
olidaire\node_modules\
@prisma\client\src\run
time\getPrismaClient.t
s:259
Au caractère Ligne:1 
: 1
+ & "C:\Program Files\
nodejs/node.exe" 
"C:\Program 
Files\nodejs/node_mo 
...
+ ~~~~~~~~~~~~~~~~~~~~
~~~~~~~~~~~~~~~~~~~~~~
~~~~~~~~~~~~~~~~~~~~~~
~~~~~
    + CategoryInfo    
          : NotSpeci  
  fied: (C:\Users\u   
 tilis...maClient.    
ts:259:String) []    
, RemoteException
    + FullyQualifiedE 
   rrorId : NativeCo  
  mmandError
 
        throw new Pris
maClientInitialization
Error(
              ^

PrismaClientInitializa
tionError: 
`PrismaClient` needs 
to be constructed 
with a non-empty, 
valid 
`PrismaClientOptions`:

```
new PrismaClient({
  ...
})
```

or

```
constructor() {
  super({ ... });
}
```
          
    at new t (C:\Users
\utilisateur\.gemini\a
ntigravity\scratch\coe
ursolidaire\node_modul
es\@prisma\client\src\
runtime\getPrismaClien
t.ts:259:15)
    at <anonymous> (C:
\Users\utilisateur\.ge
mini\antigravity\scrat
ch\coeursolidaire\test
-prisma.ts:3:16)
    at 
Object.<anonymous> (C:
\Users\utilisateur\.ge
mini\antigravity\scrat
ch\coeursolidaire\test
-prisma.ts:17:6)
    at 
Module._compile (node:
internal/modules/cjs/l
oader:1761:14)
    at 
Object.transformer (C:
\Users\utilisateur\App
Data\Local\npm-cache\_
npx\fd45a72a545557e9\n
ode_modules\tsx\dist\r
egister-D46fvsV_.cjs:3
:1104)
    at Module.load (no
de:internal/modules/cj
s/loader:1481:32)
    at Module._load (n
ode:internal/modules/c
js/loader:1300:12)
    at TracingChannel.
traceSync (node:diagno
stics_channel:328:14)
    at wrapModuleLoad 
(node:internal/modules
/cjs/loader:245:24)
    at loadCJSModuleWi
thModuleLoad (node:int
ernal/modules/esm/tran
slators:339:3) {
  clientVersion: 
'7.3.0',
  errorCode: 
undefined,
  retryable: undefined
}

Node.js v24.13.0
